(node:21855) Warning: The 'NO_COLOR' env is ignored due to the 'FORCE_COLOR' env being set.
(Use `node --trace-warnings ...` to show where the warning was created)
(node:21892) Warning: The 'NO_COLOR' env is ignored due to the 'FORCE_COLOR' env being set.
(Use `node --trace-warnings ...` to show where the warning was created)

 RUN  v4.1.7 /Users/mejiasdev/Developer/oss/Leaflet.bench-baseline

stdout | spec/suites/perf/MainBaselineBenchSpec.js > Main baseline perf bench > S1 end-to-end zoom with vector load
BENCH_RESULT {"scenario":"S1","unit":"ms_per_zoom","warmup":5,"samples":30,"times_ms":[25.699999999254942,23.600000001490116,24.199999999254942,22.800000000745058,24.5,22.300000000745058,24.399999998509884,22.199999999254942,23.699999999254942,22.300000000745058,23.900000002235174,21.899999998509884,24.399999998509884,23.700000002980232,23.699999999254942,22.399999998509884,24,21.800000000745058,25,22.800000000745058,23.5,22,24.100000001490116,22,24.300000000745058,22.800000000745058,23.399999998509884,22.399999998509884,23.5,21.800000000745058],"median_ms":23.5,"mean_ms":23.303333333383005,"hardwareConcurrency":12}
 ✓ |chromium| spec/suites/perf/MainBaselineBenchSpec.js > Main baseline perf bench > S1 end-to-end zoom with vector load 862ms
stdout | spec/suites/perf/MainBaselineBenchSpec.js > Main baseline perf bench > S2 focused reprojection
BENCH_RESULT {"scenario":"S2","unit":"ms_per_project","warmup":5,"samples":50,"times_ms":[10.5,12.799999997019768,10.400000002235174,19.899999998509884,10.5,10.5,11.100000001490116,10.5,12.300000000745058,10.5,12.799999997019768,10.300000000745058,12.600000001490116,10.399999998509884,12.5,10.5,12.400000002235174,10.399999998509884,10.399999998509884,12.400000002235174,10.300000000745058,12.5,10.399999998509884,12.5,11,12.899999998509884,10.400000002235174,12.800000000745058,10.599999997764826,12.600000001490116,10.599999997764826,12.300000000745058,10.5,10.5,13,10.400000002235174,12.099999997764826,10.400000002235174,13,10.5,12.799999997019768,10.400000002235174,13.199999999254942,10.399999998509884,12.400000002235174,10.5,12.599999997764826,10.5,12.700000002980232,10.399999998509884],"median_ms":10.599999997764826,"mean_ms":11.577999999970197,"hardwareConcurrency":12}
 ✓ |chromium| spec/suites/perf/MainBaselineBenchSpec.js > Main baseline perf bench > S2 focused reprojection 659ms
stdout | spec/suites/perf/MainBaselineBenchSpec.js > Main baseline perf bench > S3 canvas hover hit-test
BENCH_RESULT {"scenario":"S3","unit":"ms_per_hover","warmup":0,"samples":200,"times_ms":[1.3999999985098839,0.30000000074505806,0.30000000074505806,0.19999999925494194,0.30000000074505806,0.19999999925494194,0.19999999925494194,0.19999999925494194,0.19999999925494194,0.20000000298023224,0.19999999925494194,0.19999999925494194,0.10000000149011612,0.09999999776482582,0.10000000149011612,0.19999999925494194,0.10000000149011612,0.09999999776482582,0.19999999925494194,0.10000000149011612,0.19999999925494194,0.10000000149011612,0.19999999925494194,0.10000000149011612,0.19999999925494194,0,0.19999999925494194,0.10000000149011612,0.19999999925494194,0.09999999776482582,0.20000000298023224,0.19999999925494194,0.09999999776482582,0.10000000149011612,0.19999999925494194,0.10000000149011612,0.19999999925494194,0.10000000149011612,0.09999999776482582,0.19999999925494194,0.10000000149011612,0.19999999925494194,0.10000000149011612,0.09999999776482582,0.20000000298023224,0.09999999776482582,0.19999999925494194,0.10000000149011612,0.10000000149011612,0.19999999925494194,0.09999999776482582,0.20000000298023224,0.09999999776482582,0.19999999925494194,0.10000000149011612,0.10000000149011612,0.19999999925494194,0.09999999776482582,0.10000000149011612,0.10000000149011612,0.19999999925494194,0.19999999925494194,0.19999999925494194,0.10000000149011612,0.09999999776482582,0.10000000149011612,0.10000000149011612,0.09999999776482582,0.19999999925494194,0.10000000149011612,0,0.19999999925494194,0.10000000149011612,0.19999999925494194,0,0.19999999925494194,0.10000000149011612,0.09999999776482582,0,0.20000000298023224,0.09999999776482582,0.19999999925494194,0.10000000149011612,0.10000000149011612,0,0.19999999925494194,0.09999999776482582,0.10000000149011612,0.10000000149011612,0.09999999776482582,0.10000000149011612,0.19999999925494194,0.10000000149011612,0.09999999776482582,0,0.19999999925494194,0.10000000149011612,0.10000000149011612,0.19999999925494194,0.09999999776482582,0.10000000149011612,2.5,0.19999999925494194,0.10000000149011612,0.09999999776482582,0.10000000149011612,0.10000000149011612,0.19999999925494194,0.09999999776482582,0,0.20000000298023224,0.09999999776482582,0.10000000149011612,0.09999999776482582,0.10000000149011612,0.19999999925494194,0.10000000149011612,0.09999999776482582,0.20000000298023224,0,0.09999999776482582,0.10000000149011612,0.19999999925494194,0.10000000149011612,0.09999999776482582,0.10000000149011612,0.09999999776482582,0.10000000149011612,0.19999999925494194,0.10000000149011612,0,0.09999999776482582,0.20000000298023224,0.09999999776482582,0.10000000149011612,0.09999999776482582,0.10000000149011612,0.10000000149011612,0.09999999776482582,0.10000000149011612,0.09999999776482582,0.10000000149011612,0.19999999925494194,0.10000000149011612,0.09999999776482582,0.10000000149011612,0.10000000149011612,0.19999999925494194,0,0.19999999925494194,0.10000000149011612,0.09999999776482582,0.10000000149011612,0.19999999925494194,0.10000000149011612,0,0.09999999776482582,0.19999999925494194,0.10000000149011612,0.10000000149011612,0.09999999776482582,0.19999999925494194,0,0.10000000149011612,0.19999999925494194,0,0.19999999925494194,0.10000000149011612,0.10000000149011612,0.09999999776482582,0.10000000149011612,0.09999999776482582,0.20000000298023224,0.09999999776482582,0,0.19999999925494194,0,0.20000000298023224,0.09999999776482582,0.10000000149011612,0.09999999776482582,0.20000000298023224,0.09999999776482582,0.10000000149011612,0,0.19999999925494194,0.10000000149011612,0.09999999776482582,0.10000000149011612,0.19999999925494194,0,0.19999999925494194,0.10000000149011612,0.09999999776482582,0.10000000149011612,0.10000000149011612,0.09999999776482582,0.10000000149011612,0.19999999925494194,0],"median_ms":0.10000000149011612,"mean_ms":0.14449999999254942,"hardwareConcurrency":12}
stdout | spec/suites/perf/MainBaselineBenchSpec.js > Main baseline perf bench > S4 one animated layer among 10k static
BENCH_RESULT {"scenario":"S4","unit":"ms_per_redraw_iteration","warmup":10,"samples":200,"times_ms":[0.7000000029802322,0.29999999701976776,0.20000000298023224,0.29999999701976776,0.10000000149011612,0.6000000014901161,0.3999999985098839,0.19999999925494194,0.5,1.199999999254942,0.6000000014901161,1.199999999254942,0.4000000022351742,0.3999999985098839,0.5,76.89999999850988,1,0.4000000022351742,1.8999999985098839,0.19999999925494194,0.8000000007450581,0.30000000074505806,0.6999999992549419,1.1000000014901161,1.199999999254942,1,76.69999999925494,0.8000000007450581,0.6000000014901161,0.6999999992549419,0.3999999985098839,0.4000000022351742,0.5,1,0.6999999992549419,0.3999999985098839,1,0.4000000022351742,0.7999999970197678,1.5,0.30000000074505806,76.80000000074506,0.8000000007450581,0.30000000074505806,0.3999999985098839,0.5,0.3999999985098839,0.30000000074505806,0.30000000074505806,0.30000000074505806,0.30000000074505806,0.5,0.29999999701976776,2.5,0.30000000074505806,76.80000000074506,1.3999999985098839,0.4000000022351742,0.6999999992549419,1.8999999985098839,0.9000000022351742,1.5,0.8999999985098839,0.4000000022351742,1.2999999970197678,75.40000000223517,1,1.199999999254942,0.19999999925494194,0.4000000022351742,0.5,0.5,0.3999999985098839,0.6999999992549419,0.8000000007450581,0.19999999925494194,0.30000000074505806,0.3999999985098839,0.30000000074505806,0.5,0.3999999985098839,0.19999999925494194,76.30000000074506,0.30000000074505806,0.30000000074505806,0.5999999977648258,0.8000000007450581,0.19999999925494194,0.6000000014901161,0.10000000149011612,0.29999999701976776,0.30000000074505806,1.199999999254942,1.1000000014901161,0.3999999985098839,0.8000000007450581,0.19999999925494194,0.6000000014901161,0.5,0.19999999925494194,76.80000000074506,0.30000000074505806,0.5,0.3999999985098839,0.4000000022351742,0.29999999701976776,0.4000000022351742,0.5,0.30000000074505806,0.5,0.3999999985098839,0.3999999985098839,0.9000000022351742,0.3999999985098839,1,0.19999999925494194,0.30000000074505806,76.30000000074506,1,0.30000000074505806,0.8999999985098839,0.30000000074505806,0.6000000014901161,0.8999999985098839,0.6999999992549419,0.6000000014901161,1,0.30000000074505806,0.3999999985098839,0.3999999985098839,75.80000000074506,1.5,0.30000000074505806,0.10000000149011612,0.29999999701976776,0.7000000029802322,1.199999999254942,0.5,0.5,0.6999999992549419,76.60000000149012,1,0.29999999701976776,0.10000000149011612,0.5,0.5,0.5,1.3999999985098839,0.8000000007450581,0.6000000014901161,1.699999999254942,76.60000000149012,0.4000000022351742,1.2999999970197678,1.4000000022351742,1.3999999985098839,0.19999999925494194,0.20000000298023224,0.7999999970197678,0.9000000022351742,0.09999999776482582,0.9000000022351742,0.30000000074505806,75.39999999850988,0.30000000074505806,1.5999999977648258,1.2000000029802322,0.29999999701976776,0.4000000022351742,0.19999999925494194,0.19999999925494194,0.4000000022351742,0.5999999977648258,0.19999999925494194,0.9000000022351742,0.19999999925494194,0.3999999985098839,0.6000000014901161,76.69999999925494,0.6000000014901161,0.09999999776482582,1,2.100000001490116,1.699999999254942,0.4000000022351742,0.29999999701976776,0.4000000022351742,0.5999999977648258,76.20000000298023,1,0.29999999701976776,0.8000000007450581,0.30000000074505806,0.19999999925494194,0.4000000022351742,0.5999999977648258,1.199999999254942,0.30000000074505806,0.30000000074505806,0.6999999992549419],"median_ms":0.5,"mean_ms":5.923000000007451,"hardwareConcurrency":12}
 ✓ |chromium| spec/suites/perf/MainBaselineBenchSpec.js > Main baseline perf bench > S3 canvas hover hit-test 90ms
 ✓ |chromium| spec/suites/perf/MainBaselineBenchSpec.js > Main baseline perf bench > S4 one animated layer among 10k static 1291ms
4:22:03 PM [vite] (client) [Unhandled error] TypeError: Cannot read properties of undefined (reading 'clearRect')
 > Canvas._clear src/layer/vector/Canvas.js:237:14
    235 |  		if (bounds) {
    236 |  			const size = bounds.getSize();
    237 |  			this._ctx.clearRect(bounds.min.x, bounds.min.y, size.x, size.y);
        |                ^
    238 |  		} else {
    239 |  			this._ctx.save();
 > Canvas._redraw src/layer/vector/Canvas.js:227:8

⎯⎯⎯⎯⎯⎯ Unhandled Errors ⎯⎯⎯⎯⎯⎯

Vitest caught 1 unhandled error during the test run.
This might cause false positive tests. Resolve unhandled errors to make sure your tests are not affected.

⎯⎯⎯⎯⎯⎯⎯⎯⎯⎯⎯ Error ⎯⎯⎯⎯⎯⎯⎯⎯⎯⎯⎯⎯
TypeError: Cannot read properties of undefined (reading 'clearRect')
 ❯ Canvas._clear src/layer/vector/Canvas.js:237:14
 ❯ Canvas._redraw src/layer/vector/Canvas.js:227:8

This error originated in "spec/suites/perf/MainBaselineBenchSpec.js" test file. It doesn't mean the error was thrown inside the file itself, but while it was running.
⎯⎯⎯⎯⎯⎯⎯⎯⎯⎯⎯⎯⎯⎯⎯⎯⎯⎯⎯⎯⎯⎯⎯⎯⎯⎯⎯⎯⎯⎯


 Test Files  1 passed (1)
      Tests  4 passed (4)
     Errors  1 error
   Start at  16:21:59
   Duration  4.51s (transform 0ms, setup 280ms, import 12ms, tests 2.90s, environment 0ms)

