(node:18850) Warning: The 'NO_COLOR' env is ignored due to the 'FORCE_COLOR' env being set.
(Use `node --trace-warnings ...` to show where the warning was created)
(node:18887) Warning: The 'NO_COLOR' env is ignored due to the 'FORCE_COLOR' env being set.
(Use `node --trace-warnings ...` to show where the warning was created)

 RUN  v4.1.7 /Users/mejiasdev/Developer/oss/Leaflet.bench-baseline

stdout | spec/suites/perf/MainBaselineBenchSpec.js > Main baseline perf bench > S1 end-to-end zoom with vector load
BENCH_RESULT {"scenario":"S1","unit":"ms_per_zoom","warmup":5,"samples":30,"times_ms":[24,22.300000000745058,23.599999997764826,21.900000002235174,23.699999999254942,22,24.800000000745058,22.099999997764826,23.5,22.300000000745058,23.600000001490116,21.899999998509884,24.5,22.899999998509884,23.5,22.400000002235174,23.599999997764826,21.900000002235174,24.199999999254942,21.800000000745058,23.299999997019768,21.900000002235174,23.800000000745058,21.599999997764826,23.899999998509884,22.100000001490116,23.399999998509884,22,23.400000002235174,22.199999999254942],"median_ms":23.099999997764826,"mean_ms":22.93666666659216,"hardwareConcurrency":12}
 ✓ |chromium| spec/suites/perf/MainBaselineBenchSpec.js > Main baseline perf bench > S1 end-to-end zoom with vector load 854ms
stdout | spec/suites/perf/MainBaselineBenchSpec.js > Main baseline perf bench > S2 focused reprojection
BENCH_RESULT {"scenario":"S2","unit":"ms_per_project","warmup":5,"samples":50,"times_ms":[10.5,12.300000000745058,10.5,26.599999997764826,10.5,10.400000002235174,11.199999999254942,10.300000000745058,11.699999999254942,10.399999998509884,13.100000001490116,10.399999998509884,12.100000001490116,10.300000000745058,12.299999997019768,10.300000000745058,12.199999999254942,10.400000002235174,12,10.5,11.899999998509884,10.400000002235174,10.299999997019768,12.300000000745058,10.399999998509884,11.900000002235174,10.399999998509884,13,10.399999998509884,12.5,10.300000000745058,12.5,10.400000002235174,12.299999997019768,10.5,12.400000002235174,10.300000000745058,12,10.5,10.5,12.399999998509884,10.600000001490116,12.099999997764826,10.600000001490116,12.699999999254942,10.5,12.600000001490116,10.299999997019768,12.400000002235174,10.399999998509884],"median_ms":10.550000000745058,"mean_ms":11.555999999940395,"hardwareConcurrency":12}
 ✓ |chromium| spec/suites/perf/MainBaselineBenchSpec.js > Main baseline perf bench > S2 focused reprojection 658ms
stdout | spec/suites/perf/MainBaselineBenchSpec.js > Main baseline perf bench > S3 canvas hover hit-test
BENCH_RESULT {"scenario":"S3","unit":"ms_per_hover","warmup":0,"samples":200,"times_ms":[1.199999999254942,0.6000000014901161,0.30000000074505806,0.19999999925494194,0.19999999925494194,0.19999999925494194,0.19999999925494194,0,0.10000000149011612,0.19999999925494194,0.10000000149011612,0.09999999776482582,0.10000000149011612,0.10000000149011612,0.19999999925494194,0.30000000074505806,0.29999999701976776,0.10000000149011612,0.19999999925494194,0.10000000149011612,0.19999999925494194,0.10000000149011612,0.19999999925494194,0.09999999776482582,0.20000000298023224,0.19999999925494194,0.09999999776482582,0.10000000149011612,0.19999999925494194,0.10000000149011612,0.19999999925494194,0.10000000149011612,0.09999999776482582,0.19999999925494194,0.10000000149011612,0.19999999925494194,0.10000000149011612,0.19999999925494194,0.10000000149011612,0.09999999776482582,0.19999999925494194,0.10000000149011612,0.19999999925494194,0.10000000149011612,0.19999999925494194,0.10000000149011612,0.19999999925494194,0.09999999776482582,0.20000000298023224,0.09999999776482582,0.19999999925494194,0.10000000149011612,0.10000000149011612,0.09999999776482582,0.10000000149011612,0.09999999776482582,0.10000000149011612,0.19999999925494194,0.10000000149011612,0.09999999776482582,0.10000000149011612,0.10000000149011612,0.09999999776482582,0.19999999925494194,0.10000000149011612,0.10000000149011612,0.09999999776482582,0.19999999925494194,0,0.20000000298023224,0.09999999776482582,0.10000000149011612,0.19999999925494194,0.10000000149011612,0.09999999776482582,0.19999999925494194,0,0.20000000298023224,0.09999999776482582,0.10000000149011612,0.09999999776482582,0.20000000298023224,2.099999997764826,0,0.19999999925494194,0.10000000149011612,0,0.19999999925494194,0.10000000149011612,0.09999999776482582,0.10000000149011612,0.10000000149011612,0.09999999776482582,0.10000000149011612,0.09999999776482582,0.10000000149011612,0.10000000149011612,0.19999999925494194,0,0.09999999776482582,0.10000000149011612,0.10000000149011612,0.19999999925494194,0.09999999776482582,0,0.10000000149011612,0.10000000149011612,0.09999999776482582,0.19999999925494194,0,0.10000000149011612,0.10000000149011612,0.19999999925494194,0.19999999925494194,0,0.10000000149011612,0.09999999776482582,0.10000000149011612,0.09999999776482582,0.10000000149011612,0.10000000149011612,0.19999999925494194,0,0.09999999776482582,0.20000000298023224,0,0.09999999776482582,0.10000000149011612,0.19999999925494194,0.10000000149011612,0.09999999776482582,0.10000000149011612,0.09999999776482582,0.10000000149011612,0.10000000149011612,0.09999999776482582,0.10000000149011612,0.09999999776482582,0.20000000298023224,0.09999999776482582,0,0.10000000149011612,0.09999999776482582,0.20000000298023224,0,0.09999999776482582,0.10000000149011612,0.09999999776482582,0.10000000149011612,0.10000000149011612,0.09999999776482582,0.10000000149011612,0.09999999776482582,0.10000000149011612,0.10000000149011612,0.09999999776482582,0.19999999925494194,0,0.20000000298023224,0,0.19999999925494194,0,0.19999999925494194,0,0.10000000149011612,0.09999999776482582,0.10000000149011612,0.19999999925494194,0,0.19999999925494194,0.10000000149011612,0.09999999776482582,0.10000000149011612,0,0.19999999925494194,0,0.19999999925494194,0.10000000149011612,0.19999999925494194,0.10000000149011612,0.09999999776482582,0.10000000149011612,0.10000000149011612,0.09999999776482582,0.10000000149011612,0.09999999776482582,0.10000000149011612,0.10000000149011612,0.09999999776482582,0.10000000149011612,0.19999999925494194,0.10000000149011612,0.09999999776482582,0,0.10000000149011612,0.19999999925494194,0.10000000149011612,0.09999999776482582,0,0.19999999925494194],"median_ms":0.10000000149011612,"mean_ms":0.13699999999254941,"hardwareConcurrency":12}
stdout | spec/suites/perf/MainBaselineBenchSpec.js > Main baseline perf bench > S4 one animated layer among 10k static
BENCH_RESULT {"scenario":"S4","unit":"ms_per_redraw_iteration","warmup":10,"samples":200,"times_ms":[0.6999999992549419,0.30000000074505806,0.19999999925494194,0.30000000074505806,0.19999999925494194,0.6000000014901161,0.3999999985098839,0.30000000074505806,0.3999999985098839,1,0.5,1.1000000014901161,0.5,0.19999999925494194,0.3999999985098839,76.5,1.300000000745058,0.4000000022351742,2,0.29999999701976776,0.9000000022351742,0.30000000074505806,0.7999999970197678,0.9000000022351742,0.8999999985098839,1,77.10000000149012,1,0.6999999992549419,0.6999999992549419,0.4000000022351742,0.3999999985098839,0.6000000014901161,0.8999999985098839,0.3999999985098839,0.20000000298023224,0.8999999985098839,0.3999999985098839,0.7000000029802322,1.5999999977648258,0.4000000022351742,77,1,0.29999999701976776,0.4000000022351742,1.8999999985098839,0.6999999992549419,0.30000000074505806,0.30000000074505806,0.30000000074505806,0.30000000074505806,0.3999999985098839,0.30000000074505806,2.300000000745058,0.29999999701976776,77,1,0.10000000149011612,0.5,0.5,0.8999999985098839,1.4000000022351742,0.8999999985098839,0.4000000022351742,1.199999999254942,76.5,1,1,0.30000000074505806,0.29999999701976776,0.5,0.5,0.5,0.7000000029802322,0.7999999970197678,0.20000000298023224,0.29999999701976776,0.4000000022351742,0.19999999925494194,0.5,0.5,0.19999999925494194,76.10000000149012,0.20000000298023224,0.29999999701976776,0.6000000014901161,0.8000000007450581,0.30000000074505806,0.5,0.09999999776482582,0.4000000022351742,0.29999999701976776,1.1000000014901161,1.199999999254942,0.4000000022351742,0.6999999992549419,0.30000000074505806,0.3999999985098839,0.3999999985098839,0.4000000022351742,76.89999999850988,0.19999999925494194,0.5,0.5,0.30000000074505806,0.30000000074505806,0.29999999701976776,0.5,0.4000000022351742,0.3999999985098839,0.4000000022351742,0.3999999985098839,0.8999999985098839,0.30000000074505806,1,0.30000000074505806,0.30000000074505806,77,1,0.30000000074505806,0.8999999985098839,0.3999999985098839,0.5,1,0.6000000014901161,0.5,1.1000000014901161,0.29999999701976776,0.30000000074505806,0.4000000022351742,76.89999999850988,1.3999999985098839,0.30000000074505806,0,0.30000000074505806,0.6999999992549419,1.300000000745058,0.5,0.3999999985098839,0.6000000014901161,76.80000000074506,1,0.30000000074505806,0.09999999776482582,0.5,0.4000000022351742,0.5,1.3999999985098839,0.8999999985098839,0.5,1.7000000029802322,75.29999999701977,0.4000000022351742,1.300000000745058,1.3999999985098839,1.199999999254942,0.19999999925494194,0.10000000149011612,0.6999999992549419,0.9000000022351742,0.19999999925494194,0.8000000007450581,0.29999999701976776,74.90000000223517,0.3999999985098839,1.5,2,0.30000000074505806,0.30000000074505806,0.19999999925494194,0.30000000074505806,0.3999999985098839,0.5,0.30000000074505806,0.8000000007450581,0.30000000074505806,0.3999999985098839,0.6000000014901161,76.59999999776483,0.6000000014901161,0.09999999776482582,1,2.2000000029802322,1,0.29999999701976776,0.30000000074505806,0.4000000022351742,0.5999999977648258,76.10000000149012,0.8999999985098839,0.30000000074505806,0.8999999985098839,0.20000000298023224,0.29999999701976776,0.30000000074505806,0.6000000014901161,1.199999999254942,0.30000000074505806,0.30000000074505806,0.6999999992549419],"median_ms":0.5,"mean_ms":5.916500000003725,"hardwareConcurrency":12}
 ✓ |chromium| spec/suites/perf/MainBaselineBenchSpec.js > Main baseline perf bench > S3 canvas hover hit-test 89ms
 ✓ |chromium| spec/suites/perf/MainBaselineBenchSpec.js > Main baseline perf bench > S4 one animated layer among 10k static 1292ms
4:21:48 PM [vite] (client) [Unhandled error] TypeError: Cannot read properties of undefined (reading 'clearRect')
 > Canvas._clear src/layer/vector/Canvas.js:237:14
    235 |  		if (bounds) {
    236 |  			const size = bounds.getSize();
    237 |  			this._ctx.clearRect(bounds.min.x, bounds.min.y, size.x, size.y);
        |                ^
    238 |  		} else {
    239 |  			this._ctx.save();
 > Canvas._redraw src/layer/vector/Canvas.js:227:8

⎯⎯⎯⎯⎯⎯ Unhandled Errors ⎯⎯⎯⎯⎯⎯

Vitest caught 1 unhandled error during the test run.
This might cause false positive tests. Resolve unhandled errors to make sure your tests are not affected.

⎯⎯⎯⎯⎯⎯⎯⎯⎯⎯⎯ Error ⎯⎯⎯⎯⎯⎯⎯⎯⎯⎯⎯⎯
TypeError: Cannot read properties of undefined (reading 'clearRect')
 ❯ Canvas._clear src/layer/vector/Canvas.js:237:14
 ❯ Canvas._redraw src/layer/vector/Canvas.js:227:8

This error originated in "spec/suites/perf/MainBaselineBenchSpec.js" test file. It doesn't mean the error was thrown inside the file itself, but while it was running.
⎯⎯⎯⎯⎯⎯⎯⎯⎯⎯⎯⎯⎯⎯⎯⎯⎯⎯⎯⎯⎯⎯⎯⎯⎯⎯⎯⎯⎯⎯


 Test Files  1 passed (1)
      Tests  4 passed (4)
     Errors  1 error
   Start at  16:21:43
   Duration  4.79s (transform 0ms, setup 212ms, import 14ms, tests 2.89s, environment 0ms)

