(node:20025) Warning: The 'NO_COLOR' env is ignored due to the 'FORCE_COLOR' env being set.
(Use `node --trace-warnings ...` to show where the warning was created)
(node:20062) Warning: The 'NO_COLOR' env is ignored due to the 'FORCE_COLOR' env being set.
(Use `node --trace-warnings ...` to show where the warning was created)

 RUN  v4.1.7 /Users/mejiasdev/Developer/oss/Leaflet.perf-projection-cache

stdout | spec/suites/perf/MainBaselineBenchSpec.js > Main baseline perf bench > S1 end-to-end zoom with vector load
BENCH_RESULT {"scenario":"S1","unit":"ms_per_zoom","warmup":5,"samples":30,"times_ms":[5.399999998509884,4,5.100000001490116,3.899999998509884,5,3.900000002235174,5.099999997764826,3.800000000745058,5,3.899999998509884,5.100000001490116,3.699999999254942,5.099999997764826,3.600000001490116,5.299999997019768,3.600000001490116,5.199999999254942,3.699999999254942,5,3.7000000029802322,5.099999997764826,3.800000000745058,5.100000001490116,3.899999998509884,5.100000001490116,3.899999998509884,5.199999999254942,3.699999999254942,5.300000000745058,3.600000001490116],"median_ms":4.5,"mean_ms":4.459999999900659,"hardwareConcurrency":12}
 ✓ |chromium| spec/suites/perf/MainBaselineBenchSpec.js > Main baseline perf bench > S1 end-to-end zoom with vector load 196ms
stdout | spec/suites/perf/MainBaselineBenchSpec.js > Main baseline perf bench > S2 focused reprojection
BENCH_RESULT {"scenario":"S2","unit":"ms_per_project","warmup":5,"samples":50,"times_ms":[1.7000000029802322,1.2999999970197678,1.5,1.5,1.300000000745058,3.800000000745058,1.199999999254942,1.199999999254942,1.2000000029802322,1.199999999254942,1.300000000745058,1.3999999985098839,1.300000000745058,1.3999999985098839,1.5,1.300000000745058,1.5,1.3999999985098839,1.5,3.600000001490116,1.3999999985098839,1.2000000029802322,1.2999999970197678,1.2000000029802322,1.199999999254942,1.300000000745058,1.0999999977648258,1.300000000745058,1.300000000745058,1.199999999254942,1.300000000745058,1.300000000745058,1.2999999970197678,1.4000000022351742,1.300000000745058,1.199999999254942,1.3999999985098839,1.300000000745058,1.199999999254942,1.199999999254942,1.2000000029802322,1.2999999970197678,1.2000000029802322,1.199999999254942,1.199999999254942,1.3999999985098839,1.300000000745058,1.4000000022351742,1.3999999985098839,1.300000000745058],"median_ms":1.300000000745058,"mean_ms":1.4080000000447035,"hardwareConcurrency":12}
stdout | spec/suites/perf/MainBaselineBenchSpec.js > Main baseline perf bench > S3 canvas hover hit-test
BENCH_RESULT {"scenario":"S3","unit":"ms_per_hover","warmup":0,"samples":200,"times_ms":[1.6000000014901161,0.5,0.30000000074505806,0.19999999925494194,0.19999999925494194,0.19999999925494194,0,0.30000000074505806,0.10000000149011612,0.19999999925494194,0.10000000149011612,0.19999999925494194,0.19999999925494194,0.10000000149011612,0.19999999925494194,0.09999999776482582,0.20000000298023224,0.19999999925494194,0.19999999925494194,0.10000000149011612,0.09999999776482582,0.19999999925494194,0.20000000298023224,0.09999999776482582,0.19999999925494194,0.10000000149011612,0.30000000074505806,0,0.19999999925494194,0.19999999925494194,0.19999999925494194,0.10000000149011612,0.10000000149011612,0.19999999925494194,0.19999999925494194,0.10000000149011612,0.19999999925494194,0.09999999776482582,0.10000000149011612,0.19999999925494194,0.19999999925494194,0.20000000298023224,0.09999999776482582,0.19999999925494194,0.10000000149011612,0.19999999925494194,0.19999999925494194,0,0.20000000298023224,0.19999999925494194,0.09999999776482582,0.10000000149011612,0.10000000149011612,0.19999999925494194,0.09999999776482582,0.20000000298023224,0.09999999776482582,0.10000000149011612,0.19999999925494194,0,0.19999999925494194,0.10000000149011612,0.19999999925494194,0.10000000149011612,0.09999999776482582,0.10000000149011612,0.19999999925494194,0.10000000149011612,0.09999999776482582,0.19999999925494194,0.10000000149011612,0.19999999925494194,0,0.19999999925494194,0.30000000074505806,0.6000000014901161,0.30000000074505806,0.19999999925494194,0.19999999925494194,0.19999999925494194,0.19999999925494194,0.20000000298023224,0.09999999776482582,0.10000000149011612,0.3999999985098839,0.19999999925494194,0.20000000298023224,0.09999999776482582,1.5,0.10000000149011612,0.09999999776482582,0.10000000149011612,0.10000000149011612,0.09999999776482582,0.10000000149011612,0.09999999776482582,0.10000000149011612,0.10000000149011612,0.09999999776482582,0.10000000149011612,0.19999999925494194,0,0.10000000149011612,0.09999999776482582,0.10000000149011612,0.09999999776482582,0.20000000298023224,0,0.09999999776482582,0.19999999925494194,0.10000000149011612,0,0.19999999925494194,0.10000000149011612,0,0.19999999925494194,0.10000000149011612,0,0.09999999776482582,0.19999999925494194,0,0.20000000298023224,0.09999999776482582,0,0.19999999925494194,0,0.20000000298023224,0,0.19999999925494194,0,0.09999999776482582,0.20000000298023224,0.09999999776482582,0.10000000149011612,0.09999999776482582,0.10000000149011612,0.10000000149011612,0.09999999776482582,0.10000000149011612,0.09999999776482582,0.10000000149011612,0.10000000149011612,0.09999999776482582,0.10000000149011612,0.09999999776482582,0.20000000298023224,0,0.09999999776482582,0.10000000149011612,0.09999999776482582,0.20000000298023224,0,0.09999999776482582,0.10000000149011612,0.09999999776482582,0.10000000149011612,0.10000000149011612,0.09999999776482582,0.10000000149011612,0.09999999776482582,0.20000000298023224,0.09999999776482582,0.10000000149011612,0.09999999776482582,0.10000000149011612,0.10000000149011612,0,0.19999999925494194,0.09999999776482582,0.10000000149011612,0.10000000149011612,0.09999999776482582,0.10000000149011612,0.09999999776482582,0.10000000149011612,0.10000000149011612,0.09999999776482582,0.10000000149011612,0.09999999776482582,0.20000000298023224,0.09999999776482582,0,0.10000000149011612,0.09999999776482582,0.10000000149011612,0.10000000149011612,0.09999999776482582,0.10000000149011612,0.19999999925494194,0,0.10000000149011612,0.19999999925494194,0.09999999776482582,0,0.10000000149011612,0.10000000149011612,0.19999999925494194,0.09999999776482582,0.10000000149011612,0.10000000149011612],"median_ms":0.10000000149011612,"mean_ms":0.14600000001490115,"hardwareConcurrency":12}
 ✓ |chromium| spec/suites/perf/MainBaselineBenchSpec.js > Main baseline perf bench > S2 focused reprojection 97ms
 ✓ |chromium| spec/suites/perf/MainBaselineBenchSpec.js > Main baseline perf bench > S3 canvas hover hit-test 88ms
stdout | spec/suites/perf/MainBaselineBenchSpec.js > Main baseline perf bench > S4 one animated layer among 10k static
BENCH_RESULT {"scenario":"S4","unit":"ms_per_redraw_iteration","warmup":10,"samples":200,"times_ms":[0.5999999977648258,0.30000000074505806,0.30000000074505806,0.30000000074505806,0.19999999925494194,0.6999999992549419,0.30000000074505806,0.3999999985098839,0.5,1.1000000014901161,0.30000000074505806,1.0999999977648258,0.5,0.19999999925494194,0.4000000022351742,76.39999999850988,1.1000000014901161,0.3999999985098839,1.9000000022351742,0.29999999701976776,0.8000000007450581,0.30000000074505806,0.6999999992549419,0.9000000022351742,0.8999999985098839,0.8999999985098839,77.30000000074506,1.1000000014901161,0.5999999977648258,0.9000000022351742,0.5999999977648258,0.8000000007450581,0.6999999992549419,1,0.5,0.20000000298023224,1,0.3999999985098839,0.6000000014901161,1.699999999254942,0.30000000074505806,78.09999999776483,0.9000000022351742,0.29999999701976776,0.4000000022351742,0.5999999977648258,0.30000000074505806,0.30000000074505806,0.3999999985098839,1.7000000029802322,0.3999999985098839,0.30000000074505806,0.30000000074505806,2.5,0.29999999701976776,77.5,1,0.20000000298023224,0.3999999985098839,0.6000000014901161,0.6999999992549419,1.5,0.8999999985098839,0.5,1,76.80000000074506,1,1,0.30000000074505806,0.30000000074505806,0.5,0.5,0.5,0.6999999992549419,0.8000000007450581,0.29999999701976776,0.30000000074505806,0.4000000022351742,0.19999999925494194,0.5,0.5,0.19999999925494194,77,0.3999999985098839,0.20000000298023224,0.5,0.8999999985098839,0.19999999925494194,0.5,0.19999999925494194,0.30000000074505806,0.4000000022351742,1.0999999977648258,1.199999999254942,0.4000000022351742,0.8999999985098839,0.30000000074505806,0.5,0.3999999985098839,0.30000000074505806,77.19999999925494,0.10000000149011612,0.6000000014901161,0.5,0.29999999701976776,0.20000000298023224,0.5,0.3999999985098839,0.3999999985098839,0.4000000022351742,0.5,0.3999999985098839,0.9000000022351742,0.3999999985098839,0.8999999985098839,0.30000000074505806,0.19999999925494194,76.80000000074506,1.1000000014901161,0.30000000074505806,0.7999999970197678,0.4000000022351742,0.5999999977648258,0.9000000022351742,0.6999999992549419,0.6000000014901161,1,0.3999999985098839,0.30000000074505806,0.3999999985098839,77,1.4000000022351742,0.29999999701976776,0.10000000149011612,0.30000000074505806,0.6999999992549419,1.199999999254942,0.5,0.5,0.6000000014901161,77.19999999925494,1.1000000014901161,0.19999999925494194,0.19999999925494194,0.5,0.5,0.3999999985098839,1.6000000014901161,0.8000000007450581,0.5,1.800000000745058,77.5,0.29999999701976776,1.4000000022351742,1.3999999985098839,1.300000000745058,0.19999999925494194,0.19999999925494194,0.8000000007450581,0.9000000022351742,0.19999999925494194,0.8999999985098839,0.30000000074505806,76.69999999925494,0.30000000074505806,1.6000000014901161,1.2999999970197678,0.30000000074505806,0.4000000022351742,0.29999999701976776,0.9000000022351742,0.3999999985098839,0.6000000014901161,0.30000000074505806,0.8999999985098839,0.19999999925494194,0.30000000074505806,0.6999999992549419,78.5,0.5,0.30000000074505806,0.8999999985098839,2.2000000029802322,1,0.29999999701976776,0.30000000074505806,0.4000000022351742,0.5999999977648258,77.69999999925494,1,0.30000000074505806,0.9000000022351742,0.19999999925494194,0.19999999925494194,0.30000000074505806,0.8000000007450581,1.199999999254942,0.30000000074505806,0.29999999701976776,0.8000000007450581],"median_ms":0.5,"mean_ms":5.982999999988824,"hardwareConcurrency":12}
 ✓ |chromium| spec/suites/perf/MainBaselineBenchSpec.js > Main baseline perf bench > S4 one animated layer among 10k static 1304ms
4:21:52 PM [vite] (client) [Unhandled error] TypeError: Cannot read properties of undefined (reading 'clearRect')
 > Canvas._clear src/layer/vector/Canvas.js:237:14
    235 |  		if (bounds) {
    236 |  			const size = bounds.getSize();
    237 |  			this._ctx.clearRect(bounds.min.x, bounds.min.y, size.x, size.y);
        |                ^
    238 |  		} else {
    239 |  			this._ctx.save();
 > Canvas._redraw src/layer/vector/Canvas.js:227:8

⎯⎯⎯⎯⎯⎯ Unhandled Errors ⎯⎯⎯⎯⎯⎯

Vitest caught 1 unhandled error during the test run.
This might cause false positive tests. Resolve unhandled errors to make sure your tests are not affected.

⎯⎯⎯⎯⎯⎯⎯⎯⎯⎯⎯ Error ⎯⎯⎯⎯⎯⎯⎯⎯⎯⎯⎯⎯
TypeError: Cannot read properties of undefined (reading 'clearRect')
 ❯ Canvas._clear src/layer/vector/Canvas.js:237:14
 ❯ Canvas._redraw src/layer/vector/Canvas.js:227:8

This error originated in "spec/suites/perf/MainBaselineBenchSpec.js" test file. It doesn't mean the error was thrown inside the file itself, but while it was running.
⎯⎯⎯⎯⎯⎯⎯⎯⎯⎯⎯⎯⎯⎯⎯⎯⎯⎯⎯⎯⎯⎯⎯⎯⎯⎯⎯⎯⎯⎯


 Test Files  1 passed (1)
      Tests  4 passed (4)
     Errors  1 error
   Start at  16:21:49
   Duration  3.08s (transform 0ms, setup 177ms, import 9ms, tests 1.69s, environment 0ms)

