(node:23655) Warning: The 'NO_COLOR' env is ignored due to the 'FORCE_COLOR' env being set.
(Use `node --trace-warnings ...` to show where the warning was created)
(node:23692) Warning: The 'NO_COLOR' env is ignored due to the 'FORCE_COLOR' env being set.
(Use `node --trace-warnings ...` to show where the warning was created)

 RUN  v4.1.7 /Users/mejiasdev/Developer/oss/Leaflet.perf-canvas-spatial-index

stdout | spec/suites/perf/MainBaselineBenchSpec.js > Main baseline perf bench > S1 end-to-end zoom with vector load
BENCH_RESULT {"scenario":"S1","unit":"ms_per_zoom","warmup":5,"samples":30,"times_ms":[25.399999998509884,23.100000001490116,24.5,22.699999999254942,24.100000001490116,23.299999997019768,25.600000001490116,22.899999998509884,24.5,26.200000002980232,24.799999997019768,23.200000002980232,28,27.199999999254942,27.899999998509884,22.400000002235174,24.5,23,25.199999999254942,23,24,22.899999998509884,24.900000002235174,23.599999997764826,25.5,23.400000002235174,24.299999997019768,22.900000002235174,24.300000000745058,23],"median_ms":24.199999999254942,"mean_ms":24.343333333358167,"hardwareConcurrency":12}
 ✓ |chromium| spec/suites/perf/MainBaselineBenchSpec.js > Main baseline perf bench > S1 end-to-end zoom with vector load 894ms
stdout | spec/suites/perf/MainBaselineBenchSpec.js > Main baseline perf bench > S2 focused reprojection
BENCH_RESULT {"scenario":"S2","unit":"ms_per_project","warmup":5,"samples":50,"times_ms":[10.5,13.300000000745058,10.5,18.399999998509884,10.5,10.600000001490116,11.699999999254942,10.400000002235174,11.899999998509884,10.399999998509884,13.200000002980232,10.699999999254942,13.399999998509884,10.600000001490116,12.300000000745058,10.5,12.299999997019768,10.400000002235174,10.5,12.800000000745058,10.5,12,10.5,12.799999997019768,10.400000002235174,12.599999997764826,10.5,12.300000000745058,10.400000002235174,13,10.399999998509884,13.100000001490116,10.399999998509884,12.5,10.399999998509884,10.400000002235174,12.899999998509884,10.400000002235174,11.899999998509884,10.399999998509884,13,10.300000000745058,13.600000001490116,10.399999998509884,12.800000000745058,10.399999998509884,14,10.400000002235174,13.800000000745058,10.5],"median_ms":10.600000001490116,"mean_ms":11.638000000044704,"hardwareConcurrency":12}
 ✓ |chromium| spec/suites/perf/MainBaselineBenchSpec.js > Main baseline perf bench > S2 focused reprojection 664ms
stdout | spec/suites/perf/MainBaselineBenchSpec.js > Main baseline perf bench > S3 canvas hover hit-test
BENCH_RESULT {"scenario":"S3","unit":"ms_per_hover","warmup":0,"samples":200,"times_ms":[1.699999999254942,0.30000000074505806,0.19999999925494194,0,0.19999999925494194,0.19999999925494194,0.10000000149011612,0.09999999776482582,0.10000000149011612,0.10000000149011612,0.09999999776482582,0.19999999925494194,0.10000000149011612,0.10000000149011612,0.09999999776482582,0.10000000149011612,0.09999999776482582,0.10000000149011612,0.10000000149011612,0,0.19999999925494194,0,0.09999999776482582,0.10000000149011612,0.10000000149011612,0,0.19999999925494194,0,0.09999999776482582,0,0.10000000149011612,0,0.10000000149011612,0,0.19999999925494194,0,0.09999999776482582,0,0.10000000149011612,0,0,0.10000000149011612,0,0.19999999925494194,0,0.09999999776482582,0.10000000149011612,0.10000000149011612,0,0,0,0.09999999776482582,0.10000000149011612,0,0.09999999776482582,0.10000000149011612,0,0,0.19999999925494194,0.10000000149011612,0,0,0,0.19999999925494194,0,0,0.10000000149011612,0.09999999776482582,0,0.10000000149011612,0,0,0.09999999776482582,0.10000000149011612,0,0.19999999925494194,0,0.10000000149011612,0,0.09999999776482582,0,0.10000000149011612,0.10000000149011612,0.09999999776482582,0,0.10000000149011612,0.09999999776482582,0.10000000149011612,0,0.10000000149011612,0,0,0.09999999776482582,0.10000000149011612,0,0,0.09999999776482582,0,0.10000000149011612,0.10000000149011612,0,0.09999999776482582,0,0.19999999925494194,0,0,0.10000000149011612,0.10000000149011612,0.09999999776482582,0,0.10000000149011612,0,0.19999999925494194,0,0,0,0.10000000149011612,0.09999999776482582,0,0.10000000149011612,0.09999999776482582,0,0,0.10000000149011612,0.10000000149011612,0,0.09999999776482582,0.10000000149011612,0,0,0.09999999776482582,0.10000000149011612,0.10000000149011612,0,0,0.09999999776482582,0,0.10000000149011612,0,0.09999999776482582,0.10000000149011612,0,0.10000000149011612,0,0,0.09999999776482582,0,0.10000000149011612,0,0.09999999776482582,0.10000000149011612,0,0.10000000149011612,0,0,0.09999999776482582,0,0.10000000149011612,0,0.09999999776482582,0.10000000149011612,0,0,0.10000000149011612,0,0,0.09999999776482582,0,0.10000000149011612,0.09999999776482582,0,0.10000000149011612,0.10000000149011612,0,0,0,0.09999999776482582,0.10000000149011612,0.09999999776482582,0,0.10000000149011612,0,0.10000000149011612,0,0.09999999776482582,0.10000000149011612,0,0,0.09999999776482582,0.10000000149011612,0,0,0.10000000149011612,0,0.09999999776482582,0.10000000149011612,0,0,0.09999999776482582,0.10000000149011612],"median_ms":0.09999999776482582,"mean_ms":0.07199999999254941,"hardwareConcurrency":12}
stdout | spec/suites/perf/MainBaselineBenchSpec.js > Main baseline perf bench > S4 one animated layer among 10k static
BENCH_RESULT {"scenario":"S4","unit":"ms_per_redraw_iteration","warmup":10,"samples":200,"times_ms":[0.6999999992549419,0.30000000074505806,0.3999999985098839,0.5,0.19999999925494194,1.199999999254942,0.5,0.30000000074505806,1.300000000745058,4.600000001490116,0.5,1.2999999970197678,0.5,0.10000000149011612,0.5,76.69999999925494,1.199999999254942,0.20000000298023224,2.199999999254942,0.09999999776482582,1,0.4000000022351742,1,0.8999999985098839,1.199999999254942,1,77.70000000298023,0.8999999985098839,0.3999999985098839,0.7000000029802322,0.3999999985098839,0.30000000074505806,0.5999999977648258,1.1000000014901161,0.3999999985098839,0.10000000149011612,1.1000000014901161,0.19999999925494194,0.6999999992549419,3,0.5,77.39999999850988,0.6000000014901161,0.10000000149011612,0.29999999701976776,0.6000000014901161,0.30000000074505806,0.30000000074505806,0.5,0.19999999925494194,0.3999999985098839,0.4000000022351742,0.3999999985098839,2.800000000745058,0.30000000074505806,77.69999999925494,1.300000000745058,0.19999999925494194,0.3999999985098839,0.6999999992549419,1,2,1.2000000029802322,0.6999999992549419,1.3999999985098839,76.90000000223517,1.2999999970197678,1.300000000745058,0.19999999925494194,0.5,0.7000000029802322,0.3999999985098839,0.5,0.6999999992549419,1.0999999977648258,0.10000000149011612,0.3999999985098839,0.4000000022351742,0.19999999925494194,0.6999999992549419,0.6000000014901161,0.09999999776482582,76.5,0.30000000074505806,0.30000000074505806,0.7999999970197678,1,0.20000000298023224,0.5999999977648258,0.10000000149011612,0.19999999925494194,0.6000000014901161,1.3999999985098839,1.5,0.3999999985098839,0.8000000007450581,0.4000000022351742,0.6999999992549419,0.5999999977648258,0.30000000074505806,77.80000000074506,0.10000000149011612,0.5999999977648258,0.6000000014901161,0.3999999985098839,0.30000000074505806,0.3999999985098839,0.5,0.5,0.4000000022351742,0.5,1.800000000745058,1.0999999977648258,0.4000000022351742,1.0999999977648258,0.19999999925494194,0.30000000074505806,77.80000000074506,1.3999999985098839,0.10000000149011612,1.1000000014901161,0.5999999977648258,0.6999999992549419,1.300000000745058,0.8000000007450581,0.6000000014901161,1.3999999985098839,0.3999999985098839,0.30000000074505806,0.5,80.90000000223517,1.7999999970197678,0.30000000074505806,0.10000000149011612,0.3999999985098839,0.8000000007450581,1.699999999254942,0.6000000014901161,0.3999999985098839,0.8000000007450581,78,1.300000000745058,0.09999999776482582,0.30000000074505806,0.4000000022351742,0.5,0.3999999985098839,1.800000000745058,1,0.5999999977648258,2.100000001490116,75.80000000074506,0.5999999977648258,1.7000000029802322,1.8999999985098839,1.699999999254942,0.10000000149011612,0.09999999776482582,0.8000000007450581,1.1000000014901161,0.09999999776482582,1,0.10000000149011612,77.10000000149012,0.3999999985098839,2,1.699999999254942,0.30000000074505806,0.6000000014901161,0.19999999925494194,0.09999999776482582,0.4000000022351742,0.8000000007450581,0.19999999925494194,1.199999999254942,0.30000000074505806,0.30000000074505806,0.7999999970197678,78.10000000149012,0.6000000014901161,0.09999999776482582,1.199999999254942,2.900000002235174,1.5999999977648258,0.20000000298023224,0.19999999925494194,0.3999999985098839,1,78.69999999925494,1.300000000745058,0.4000000022351742,1.2999999970197678,0.10000000149011612,0.3999999985098839,0.5,1.1000000014901161,1.800000000745058,0.19999999925494194,0.30000000074505806,1],"median_ms":0.5999999977648258,"mean_ms":6.119999999981373,"hardwareConcurrency":12}
 ✓ |chromium| spec/suites/perf/MainBaselineBenchSpec.js > Main baseline perf bench > S3 canvas hover hit-test 87ms
 ✓ |chromium| spec/suites/perf/MainBaselineBenchSpec.js > Main baseline perf bench > S4 one animated layer among 10k static 1340ms
4:22:14 PM [vite] (client) [Unhandled error] TypeError: Cannot read properties of undefined (reading 'clearRect')
 > Canvas._clear src/layer/vector/Canvas.js:261:14
    259 |  		if (bounds) {
    260 |  			const size = bounds.getSize();
    261 |  			this._ctx.clearRect(bounds.min.x, bounds.min.y, size.x, size.y);
        |                ^
    262 |  		} else {
    263 |  			this._ctx.save();
 > Canvas._redraw src/layer/vector/Canvas.js:251:8

⎯⎯⎯⎯⎯⎯ Unhandled Errors ⎯⎯⎯⎯⎯⎯

Vitest caught 1 unhandled error during the test run.
This might cause false positive tests. Resolve unhandled errors to make sure your tests are not affected.

⎯⎯⎯⎯⎯⎯⎯⎯⎯⎯⎯ Error ⎯⎯⎯⎯⎯⎯⎯⎯⎯⎯⎯⎯
TypeError: Cannot read properties of undefined (reading 'clearRect')
 ❯ Canvas._clear src/layer/vector/Canvas.js:261:14
 ❯ Canvas._redraw src/layer/vector/Canvas.js:251:8

This error originated in "spec/suites/perf/MainBaselineBenchSpec.js" test file. It doesn't mean the error was thrown inside the file itself, but while it was running.
⎯⎯⎯⎯⎯⎯⎯⎯⎯⎯⎯⎯⎯⎯⎯⎯⎯⎯⎯⎯⎯⎯⎯⎯⎯⎯⎯⎯⎯⎯


 Test Files  1 passed (1)
      Tests  4 passed (4)
     Errors  1 error
   Start at  16:22:09
   Duration  5.01s (transform 0ms, setup 423ms, import 16ms, tests 2.99s, environment 0ms)

