(node:20690) Warning: The 'NO_COLOR' env is ignored due to the 'FORCE_COLOR' env being set.
(Use `node --trace-warnings ...` to show where the warning was created)
(node:20897) Warning: The 'NO_COLOR' env is ignored due to the 'FORCE_COLOR' env being set.
(Use `node --trace-warnings ...` to show where the warning was created)

 RUN  v4.1.7 /Users/mejiasdev/Developer/oss/Leaflet.perf-canvas-spatial-index

stdout | spec/suites/perf/MainBaselineBenchSpec.js > Main baseline perf bench > S1 end-to-end zoom with vector load
BENCH_RESULT {"scenario":"S1","unit":"ms_per_zoom","warmup":5,"samples":30,"times_ms":[25.100000001490116,22.800000000745058,24,22.699999999254942,24,22.800000000745058,25.799999997019768,22.600000001490116,24,23,24,23.399999998509884,25.800000000745058,22.800000000745058,24.300000000745058,22.600000001490116,24.099999997764826,22.600000001490116,26,22.300000000745058,23.799999997019768,22.800000000745058,24.5,22.800000000745058,25,22.800000000745058,24.5,22.300000000745058,24.300000000745058,22.300000000745058],"median_ms":23.599999997764826,"mean_ms":23.66000000014901,"hardwareConcurrency":12}
 ✓ |chromium| spec/suites/perf/MainBaselineBenchSpec.js > Main baseline perf bench > S1 end-to-end zoom with vector load 872ms
stdout | spec/suites/perf/MainBaselineBenchSpec.js > Main baseline perf bench > S2 focused reprojection
BENCH_RESULT {"scenario":"S2","unit":"ms_per_project","warmup":5,"samples":50,"times_ms":[10.5,12.700000002980232,10.400000002235174,17.5,10.199999999254942,10.300000000745058,11.099999997764826,10.199999999254942,12.100000001490116,10.300000000745058,12.699999999254942,10.300000000745058,12.199999999254942,10.199999999254942,12.900000002235174,10.199999999254942,12.5,10.199999999254942,12.100000001490116,10.399999998509884,10.300000000745058,12.099999997764826,10.300000000745058,11.800000000745058,10.399999998509884,12.400000002235174,10.599999997764826,12,10.300000000745058,12.400000002235174,10.399999998509884,12.399999998509884,10.300000000745058,12.699999999254942,10.400000002235174,11.800000000745058,10.299999997019768,10.400000002235174,12.399999998509884,10.400000002235174,12.699999999254942,10.399999998509884,12.600000001490116,10.300000000745058,12.5,10.299999997019768,12.5,10.300000000745058,12.699999999254942,10.300000000745058],"median_ms":10.450000001117587,"mean_ms":11.354000000059605,"hardwareConcurrency":12}
 ✓ |chromium| spec/suites/perf/MainBaselineBenchSpec.js > Main baseline perf bench > S2 focused reprojection 645ms
stdout | spec/suites/perf/MainBaselineBenchSpec.js > Main baseline perf bench > S3 canvas hover hit-test
BENCH_RESULT {"scenario":"S3","unit":"ms_per_hover","warmup":0,"samples":200,"times_ms":[0.8000000007450581,0.30000000074505806,0.09999999776482582,0.20000000298023224,0.09999999776482582,0.19999999925494194,0.20000000298023224,0,0.09999999776482582,0.10000000149011612,0.09999999776482582,0.20000000298023224,0.09999999776482582,0.10000000149011612,0.09999999776482582,0.20000000298023224,0.09999999776482582,0.10000000149011612,0.19999999925494194,0.10000000149011612,0.19999999925494194,0,0.30000000074505806,0.09999999776482582,0.19999999925494194,0,0.10000000149011612,0.10000000149011612,0,0.09999999776482582,0.10000000149011612,0,0.09999999776482582,0.10000000149011612,0.10000000149011612,0,0.09999999776482582,0,0.10000000149011612,0.09999999776482582,0,0,0.10000000149011612,0.10000000149011612,0.09999999776482582,0,0.10000000149011612,0,0.09999999776482582,0.10000000149011612,0,0,0.19999999925494194,0,0,0.10000000149011612,0,0.09999999776482582,0.10000000149011612,0.10000000149011612,0,0,0.09999999776482582,0,0.10000000149011612,0,0.09999999776482582,0,0,0.20000000298023224,0,0,0.09999999776482582,0,0.10000000149011612,0.09999999776482582,0.10000000149011612,0.10000000149011612,0,0,0,0.09999999776482582,0.19999999925494194,0.10000000149011612,0,0,0.19999999925494194,0.10000000149011612,0,0.09999999776482582,0,0.10000000149011612,0.10000000149011612,0.09999999776482582,0,0.10000000149011612,0.09999999776482582,0,0.10000000149011612,0.10000000149011612,0,0.09999999776482582,0,0.10000000149011612,0,0.09999999776482582,0.10000000149011612,0.10000000149011612,0.09999999776482582,0,0,0.19999999925494194,0,0.10000000149011612,0.10000000149011612,0,0,0.09999999776482582,0.10000000149011612,0,0.09999999776482582,0.10000000149011612,0,0.10000000149011612,0,0,0.19999999925494194,0,0.09999999776482582,0,0.10000000149011612,0,0.10000000149011612,0.09999999776482582,0,0,0.10000000149011612,0,0,0.19999999925494194,0,0,0.10000000149011612,0.09999999776482582,0,0.10000000149011612,0,0,0.09999999776482582,0.10000000149011612,0,0,0.19999999925494194,0,0.10000000149011612,0,0,0.09999999776482582,0,0.10000000149011612,0.10000000149011612,0,0.09999999776482582,0.10000000149011612,0,0,0,0.09999999776482582,0.10000000149011612,0,0.10000000149011612,0,0.09999999776482582,0,0.10000000149011612,0,0.09999999776482582,0.10000000149011612,0.10000000149011612,0,0,0.09999999776482582,0.10000000149011612,0,0.09999999776482582,0.10000000149011612,0,0,0.10000000149011612,0,0.09999999776482582,0,0.10000000149011612,0,0.09999999776482582,0.10000000149011612,0,0.10000000149011612,0,0.09999999776482582],"median_ms":0.09999999776482582,"mean_ms":0.0725,"hardwareConcurrency":12}
stdout | spec/suites/perf/MainBaselineBenchSpec.js > Main baseline perf bench > S4 one animated layer among 10k static
BENCH_RESULT {"scenario":"S4","unit":"ms_per_redraw_iteration","warmup":10,"samples":200,"times_ms":[0.6999999992549419,0.19999999925494194,0.30000000074505806,0.4000000022351742,3,0.7999999970197678,0.5,0.30000000074505806,0.8000000007450581,1.300000000745058,0.3999999985098839,1.4000000022351742,0.5,0.09999999776482582,0.5,76.40000000223517,1.2999999970197678,0.10000000149011612,2.199999999254942,0.10000000149011612,1,0.19999999925494194,1.1000000014901161,0.8999999985098839,1.199999999254942,1.1000000014901161,76.19999999925494,0.8999999985098839,0.4000000022351742,0.6999999992549419,0.3999999985098839,0.30000000074505806,0.6999999992549419,1,0.4000000022351742,0.09999999776482582,1,0.20000000298023224,0.7999999970197678,2,0.4000000022351742,76.5,0.5999999977648258,0.10000000149011612,0.19999999925494194,0.6000000014901161,0.3999999985098839,0.30000000074505806,0.3999999985098839,0.10000000149011612,0.3999999985098839,0.5,0.20000000298023224,2.899999998509884,0.19999999925494194,76.60000000149012,1.300000000745058,0.29999999701976776,0.30000000074505806,0.8000000007450581,1.1000000014901161,2,1.0999999977648258,0.8000000007450581,1.5,75.89999999850988,1.4000000022351742,1.300000000745058,0.29999999701976776,0.4000000022351742,2,0.5999999977648258,0.6000000014901161,0.6999999992549419,1.1000000014901161,0.09999999776482582,0.5,0.30000000074505806,0.4000000022351742,0.5999999977648258,0.6000000014901161,0,76.19999999925494,0.30000000074505806,0.30000000074505806,0.7999999970197678,1,0.30000000074505806,0.6000000014901161,0,0.30000000074505806,0.5,1.5,1.5999999977648258,0.4000000022351742,0.7999999970197678,0.30000000074505806,0.9000000022351742,0.5999999977648258,0.30000000074505806,76.69999999925494,0.19999999925494194,0.6000000014901161,0.6000000014901161,0.29999999701976776,0.4000000022351742,0.3999999985098839,0.6000000014901161,0.5,0.30000000074505806,0.5,0.5999999977648258,1.1000000014901161,0.30000000074505806,1.0999999977648258,0.30000000074505806,0.3999999985098839,76.5,1.4000000022351742,0.19999999925494194,1,0.5,0.8000000007450581,1.199999999254942,0.8000000007450581,0.5999999977648258,1.4000000022351742,0.30000000074505806,0.29999999701976776,0.5,76.20000000298023,1.7999999970197678,0.20000000298023224,0.09999999776482582,0.30000000074505806,0.8999999985098839,1.6000000014901161,0.6000000014901161,0.5,0.7999999970197678,76.70000000298023,1.2999999970197678,0.10000000149011612,0.19999999925494194,0.5,0.5,0.5,1.800000000745058,1,0.6000000014901161,2.199999999254942,75.59999999776483,0.5,1.800000000745058,1.699999999254942,1.7000000029802322,0.29999999701976776,0,0.9000000022351742,1.0999999977648258,0.20000000298023224,1,0.19999999925494194,74.89999999850988,0.30000000074505806,1.8999999985098839,1.6000000014901161,0.3999999985098839,0.5,0.30000000074505806,0.09999999776482582,0.4000000022351742,0.8000000007450581,0.09999999776482582,1.1000000014901161,0.30000000074505806,0.30000000074505806,0.8000000007450581,77.39999999850988,0.6000000014901161,0.09999999776482582,1.2000000029802322,2.899999998509884,1.5,0.30000000074505806,0.09999999776482582,0.5,0.8000000007450581,76,1.199999999254942,0.5,1,0.20000000298023224,0.29999999701976776,0.5,1.2000000029802322,1.7999999970197678,0.30000000074505806,0.19999999925494194,0.9000000022351742],"median_ms":0.5999999977648258,"mean_ms":6.01050000000745,"hardwareConcurrency":12}
 ✓ |chromium| spec/suites/perf/MainBaselineBenchSpec.js > Main baseline perf bench > S3 canvas hover hit-test 83ms
 ✓ |chromium| spec/suites/perf/MainBaselineBenchSpec.js > Main baseline perf bench > S4 one animated layer among 10k static 1317ms
4:21:58 PM [vite] (client) [Unhandled error] TypeError: Cannot read properties of undefined (reading 'clearRect')
 > Canvas._clear src/layer/vector/Canvas.js:261:14
    259 |  		if (bounds) {
    260 |  			const size = bounds.getSize();
    261 |  			this._ctx.clearRect(bounds.min.x, bounds.min.y, size.x, size.y);
        |                ^
    262 |  		} else {
    263 |  			this._ctx.save();
 > Canvas._redraw src/layer/vector/Canvas.js:251:8

⎯⎯⎯⎯⎯⎯ Unhandled Errors ⎯⎯⎯⎯⎯⎯

Vitest caught 1 unhandled error during the test run.
This might cause false positive tests. Resolve unhandled errors to make sure your tests are not affected.

⎯⎯⎯⎯⎯⎯⎯⎯⎯⎯⎯ Error ⎯⎯⎯⎯⎯⎯⎯⎯⎯⎯⎯⎯
TypeError: Cannot read properties of undefined (reading 'clearRect')
 ❯ Canvas._clear src/layer/vector/Canvas.js:261:14
 ❯ Canvas._redraw src/layer/vector/Canvas.js:251:8

This error originated in "spec/suites/perf/MainBaselineBenchSpec.js" test file. It doesn't mean the error was thrown inside the file itself, but while it was running.
⎯⎯⎯⎯⎯⎯⎯⎯⎯⎯⎯⎯⎯⎯⎯⎯⎯⎯⎯⎯⎯⎯⎯⎯⎯⎯⎯⎯⎯⎯


 Test Files  1 passed (1)
      Tests  4 passed (4)
     Errors  1 error
   Start at  16:21:53
   Duration  4.47s (transform 0ms, setup 237ms, import 6ms, tests 2.92s, environment 0ms)

